https://raw.githubusercontent.com/stefanos1316/Rosetta_Code_Research_MSR/master/Scripts/Task/a%2Bb/0815/a%2Bb.0815
https://raw.githubusercontent.com/stefanos1316/Rosetta_Code_Research_MSR/master/Scripts/Task/a%2Bb/360-assembly/a%2Bb.360
https://raw.githubusercontent.com/stefanos1316/Rosetta_Code_Research_MSR/master/Scripts/Task/a%2Bb/8th/a%2Bb.8th
https://raw.githubusercontent.com/arunavabnj/sum/master/SUM.BAK
https://raw.githubusercontent.com/oscarperpinan/R/master/Funciones.R
https://raw.githubusercontent.com/stefanos1316/Rosetta_Code_Research_MSR/master/Scripts/Task/a%2Bb/abap/a%2Bb.abap
https://raw.githubusercontent.com/pastelito02/Challenges-sol/master/Programming/Codeabbey/001/rossetacode.ada
https://raw.githubusercontent.com/Spuersinnx/Ada-Calculator/master/calculator_implementation.adb
https://raw.githubusercontent.com/stefanos1316/Rosetta_Code_Research_MSR/master/Scripts/Task/a%2Bb/aime/a%2Bb.aime
https://raw.githubusercontent.com/haiwangcat/ROSE/75bf4106a5febe40269ea0361a024b7811668d45/projects/SATIrE/src/aral/src/tests/compress.aral
https://raw.githubusercontent.com/pastelito02/Challenges-sol/master/Programming/Codeabbey/001/rosettacode.arc
https://raw.githubusercontent.com/pmg3373/Sum/master/sum.asm
https://raw.githubusercontent.com/lllllll-llll-llllll/codeabbey_autoit/master/01.au3
https://raw.githubusercontent.com/marvinbernd/awk-exercises/main/versuch3.awk
https://raw.githubusercontent.com/pocmo/Ruby-Brainfuck/master/examples/triangle.b
https://raw.githubusercontent.com/davidlepilote/codingame/master/training/easy/Horse-Racing%20Duals/.bash
https://raw.githubusercontent.com/retos-quind/DevOps-2019.1/master/gradlew.bat
https://raw.githubusercontent.com/wombatswaffles/codearchives/5c4d83437efcf95175dfd236dd7c4c05a1e76516/codearcs_bb/790.bb
https://raw.githubusercontent.com/pastelito02/Challenges-sol/master/Programming/Codeabbey/001/rosettacode.bf
https://raw.githubusercontent.com/codechip/rhino-tools/30c66bdc8d750093dde56a482c4ab2b649b70797/commons/Rhino.Commons.Test/Binsor/Calculator.boo
https://raw.githubusercontent.com/RyanLafferty/CodeAbbey/master/p1.c
https://raw.githubusercontent.com/KarolS/weird-flex/master/cobol/CODEABBEY-SET-1.cbl
https://raw.githubusercontent.com/meenaljain8001/Codechef-AddTwoNumbers/master/AddTwoNumbers.cbp
https://raw.githubusercontent.com/zylklab/alfresco-nagios/61fab3515e7b56c4a69660999eaf8575b943fa1c/objects/services-ce.cfg
https://raw.githubusercontent.com/cpluspluscrowe/sum-pairs-clojure/master/src/sum_pairs/core.clj
https://raw.githubusercontent.com/openmainframeproject/cobol-programming-course/master/COBOL%20Programming%20Course%20%231%20-%20Getting%20Started/Labs/cbl/HELLO.cobol
https://raw.githubusercontent.com/itchyny/fastinvsqrt/main/src/coffeescript/fastinvsqrt.coffee
https://raw.githubusercontent.com/gravoo/codeabbey/master/Sum%20%22A%2BB%22.cpp
https://raw.githubusercontent.com/Tempurturtul/CodeAbbey/master/C%23/Sum.cs
https://raw.githubusercontent.com/EL-BID/Nexso/master/VS2013_PROJECT/MIFWebServices/MIFWebServices.csproj
https://raw.githubusercontent.com/hello-world-ttj/Web-Design/master/stylesheet.css
https://raw.githubusercontent.com/xuyifan0720/bcstock/dd6aabb8afe4e7e527fb4018fb48e8e66ad8a16e/prices/ALF.csv
https://raw.githubusercontent.com/itchyny/fastinvsqrt/main/src/d/fastinvsqrt.d
https://raw.githubusercontent.com/TheAlgorithms/Dart/master/project_euler/problem_1/sol1.dart 
https://raw.githubusercontent.com/stefanos1316/Rosetta_Code_Research_MSR/master/Scripts/Task/a%2Bb/delphi/a%2Bb.delphi
https://raw.githubusercontent.com/pastelito02/Challenges-sol/master/Programming/Codeabbey/001/rpsettacode.dgn
https://raw.githubusercontent.com/pastelito02/Challenges-sol/master/Programming/Codeabbey/001/rosettacode.e
https://raw.githubusercontent.com/QuiqueEM/Reto3/master/RL_3/RL_3/Models/EMPLEADO.edmx
https://raw.githubusercontent.com/acautin/programming-challenges/master/codingame/puzzles/conwaySequence/conway_sequence.erl
https://raw.githubusercontent.com/garethrees/programming-elixir/master/chapter5/sum.exs
https://raw.githubusercontent.com/owainkenwayucl/utils/master/src/intsum.f
https://raw.githubusercontent.com/planelles20/numerical-methods-fortran/master/functions/quadratic_function.f90
https://raw.githubusercontent.com/stefanos1316/Rosetta_Code_Research_MSR/master/Scripts/Task/a%2Bb/fantom/a%2Bb.fantom
https://raw.githubusercontent.com/skilled19/sols/master/eldanielcr-01-sum-ofab.fs
https://raw.githubusercontent.com/pastelito02/Challenges-sol/master/Programming/Codeabbey/001/rosettacode.funl
https://raw.githubusercontent.com/masarakki/r-fxxk/master/r-fxxk.gemspec
https://raw.githubusercontent.com/schoolo/codeabbey/master/problems/one/main.go
https://raw.githubusercontent.com/pastelito02/Challenges-sol/master/Programming/Codeabbey/001/rosettacode.groovy
https://raw.githubusercontent.com/dido1998/Pascal-Loop-Parser/master/symtable.h
https://raw.githubusercontent.com/pastelito02/Challenges-sol/master/Programming/Codeabbey/001/rosettacode.hexi
https://raw.githubusercontent.com/Chris-1101/codewars/master/4kyu-large-factorials/include/factorial.hpp
https://raw.githubusercontent.com/simran7s/backendCalculator/main/index.html
https://raw.githubusercontent.com/gmisail/Pine/master/src/Pine.hx
https://raw.githubusercontent.com/stefanos1316/Rosetta_Code_Research_MSR/master/Scripts/Task/a%2Bb/icon/a%2Bb.icon
https://raw.githubusercontent.com/itchyny/fastinvsqrt/main/src/j/fastinvsqrt.ijs
https://raw.githubusercontent.com/tomGdow/addTwoNumbers/master/addTwoNumbers.iml
https://raw.githubusercontent.com/cdaffara/symbiandump-mw4/2de7386dd815e8b33cde194dd129b119681027ea/uiaccelerator/uiaccelerator_plat/alf_visual_api/group/bld.inf
https://raw.githubusercontent.com/ch2ch3/fibionacci/master/fibonacci.io
https://raw.githubusercontent.com/exercism/idris/main/exercises/practice/hello-world/HelloWorld.ipkg
https://raw.githubusercontent.com/bkawan/codeabbey_python/master/problem-1.ipynb
https://raw.githubusercontent.com/meganroche/CodeAbbeySolutions/master/Java/sum_a_b.java
https://raw.githubusercontent.com/skilled19/sols/master/harv/codeabbey-1-sum-of-two.jl
https://raw.githubusercontent.com/jsenne/Code-Abbey-Solutions/master/001_Sum_A%2BB.js
https://raw.githubusercontent.com/KairosDS/reto-jsday/master/bower.json
https://raw.githubusercontent.com/zipcodes/PT/7f83b84bd7863a9385ff42fd46a4ea054da93ce4/min/535.jsonp
https://raw.githubusercontent.com/victorcuervo/lineadecodigo_javaee/master/src/main/webapp/sumar-datos.jsp
https://raw.githubusercontent.com/pastelito02/Challenges-sol/master/Programming/Codeabbey/001/rosettacode.kg
https://raw.githubusercontent.com/peiandsky/codeabbeyByKotlin/master/src/problems01_10/Problem01_SumAB.kt
https://raw.githubusercontent.com/Package/Bison-Flex-Calculator/master/lex.l
https://raw.githubusercontent.com/sam0x17/ROSE-NodeFinder/29abec42d3051f5046a1cc874bbff496f750274d/projects/SATIrE/src/aral/src/tests/compress.labels
https://raw.githubusercontent.com/chriswood/codeabbey/master/ca1.lisp
https://raw.githubusercontent.com/MeiFagundes/Sqrt8086/master/Sqrt8086.com.list
https://raw.githubusercontent.com/itchyny/fastinvsqrt/main/src/livescript/fastinvsqrt.ls
https://raw.githubusercontent.com/LukeInkster/LuaCorpus/4ab649de0ace1d674591929507ce906d7988e01a/kong/spec/plugins/galileo/01-alf_spec.lua
https://raw.githubusercontent.com/pptacher/probabilistic_robotics/master/ch5_robot_motion/bicyclespl.m
https://raw.githubusercontent.com/stefanos1316/Rosetta_Code_Research_MSR/master/Scripts/Task/a%2Bb/maxima/a%2Bb.maxima
https://raw.githubusercontent.com/sindresorhus/math-sum/main/readme.md
https://raw.githubusercontent.com/KarolS/weird-flex/master/millfork/codeabbey1.mfk
https://raw.githubusercontent.com/skilled19/sols/master/harv/codeabbey-1-sum-of-two.ml
https://raw.githubusercontent.com/sec-balkan/Nim-exercises/main/part_1/divisible.nim
https://raw.githubusercontent.com/Chriswell09/SolutionCodeabbey/main/001.pascal
https://raw.githubusercontent.com/KBZS/4-Pep-8-Assembly-Programming/master/sumDiff.pep
https://raw.githubusercontent.com/mpeshehonov/Codeabbey/master/practice/%231/index.php
https://raw.githubusercontent.com/skilled19/sols/master/harv/codeabbey-1-sum-of-two.pl
https://raw.githubusercontent.com/ls1intum/sReto/master/Examples/SimpleChat/SimpleChatMac/Info.plist
https://raw.githubusercontent.com/itchyny/fastinvsqrt/main/src/purescript/FastInvSqrt.purs
https://raw.githubusercontent.com/vinitkantrod/codeabbey-Solutions-in-Python/master/1_sum_a_plus_b.py
https://raw.githubusercontent.com/LuisPatino92/fluid_attacks_recruitment_process-ExternalSolutions/main/001/codeabbey001.py0
https://raw.githubusercontent.com/LuisPatino92/fluid_attacks_recruitment_process-ExternalSolutions/main/001/codeabbey001.py02
https://raw.githubusercontent.com/LuisPatino92/fluid_attacks_recruitment_process-ExternalSolutions/main/001/codeabbey001.py03
https://raw.githubusercontent.com/LuisPatino92/fluid_attacks_recruitment_process-ExternalSolutions/main/001/codeabbey001.py1
https://raw.githubusercontent.com/shortthirdman/code-eval-challenges/master/moderate/burrows_wheeler.py2
https://raw.githubusercontent.com/shortthirdman/code-eval-challenges/master/moderate/burrows_wheeler.py3
https://raw.githubusercontent.com/LuisPatino92/fluid_attacks_recruitment_process-ExternalSolutions/main/001/codeabbey001.py4
https://raw.githubusercontent.com/LuisPatino92/fluid_attacks_recruitment_process-ExternalSolutions/main/001/codeabbey001.py5
https://raw.githubusercontent.com/LuisPatino92/fluid_attacks_recruitment_process-ExternalSolutions/main/001/codeabbey001.py6
https://raw.githubusercontent.com/LuisPatino92/fluid_attacks_recruitment_process-ExternalSolutions/main/001/codeabbey001.py7
https://raw.githubusercontent.com/LuisPatino92/fluid_attacks_recruitment_process-ExternalSolutions/main/001/codeabbey001.py8
https://raw.githubusercontent.com/LuisPatino92/fluid_attacks_recruitment_process-ExternalSolutions/main/001/codeabbey001.py9
https://raw.githubusercontent.com/r-forge/robust/a1662110b4859fb43087e9b406e83cbd30709313/pkg/robust/R/fitdstnRob.auxiliary.q
https://raw.githubusercontent.com/hocnc/codeql-javascript-unsafe-jquery-plugin/main/solutions/calls-to-dollar.ql
https://raw.githubusercontent.com/shortthirdman/code-eval-challenges/master/easy/big_digits.r
https://raw.githubusercontent.com/kumar91gopi/Algorithms-and-Data-Structures-in-Ruby/master/bitAlgorithms/CountSetBits.rb
https://raw.githubusercontent.com/emfigo/rb-gsl/e3d4cba20ee710c25b495daee00a57d16ab2d853/rdoc/alf.rdoc
https://raw.githubusercontent.com/nehalgajjar/CSharp-Calculator/master/Calculator/Calculator.resx
https://raw.githubusercontent.com/stefanos1316/Rosetta_Code_Research_MSR/master/Scripts/Task/a%2Bb/rexx/a%2Bb-1.rexx
https://raw.githubusercontent.com/zv/SICP-guile/master/sicp2.rkt
https://raw.githubusercontent.com/andrioaraujo/Faculdade/34a036dd402ce634d919917af65660622bb253c0/Pesquisa%20Cientifica%20-%20Video%20Coding/Arquiteturas%20-%20ALF/adaptativ/alf_adapt.map.rpt
https://raw.githubusercontent.com/aricma/sum/master/src/sum.rs
https://raw.githubusercontent.com/carhulse/SAS-Summary/master/hulsec_finalexam.sas
https://raw.githubusercontent.com/itchyny/fastinvsqrt/main/src/scheme/fastinvsqrt.scm
https://raw.githubusercontent.com/shortthirdman/code-eval-challenges/master/easy/armstrong.scmgl
https://raw.githubusercontent.com/alfrezam1k4/ml-desafio/d61425efaea3594a65c68fa953fa04adb958c029/client/src/components/commons/Grid/Grid.scss
https://raw.githubusercontent.com/PrincetonLIPS/randomized_telescopes/master/run_experiments.sh
https://raw.githubusercontent.com/QuiqueEM/Reto3/master/RL_3/RL_3.sln
https://raw.githubusercontent.com/exercism/sml/main/exercises/practice/difference-of-squares/difference-of-squares.sml
https://raw.githubusercontent.com/hnedenko/adder_test_contract/c29536b6e20d1230f97acbe5a584a360e9e5b24e/contracts/Adder.sol
https://raw.githubusercontent.com/elmoallistair/Codewars-SQL/master/src/BASICS%20-%20Length%20based%20SELECT%20with%20LIKE/query.sql
https://raw.githubusercontent.com/itchyny/fastinvsqrt/main/src/smalltalk/fastinvsqrt.st
https://raw.githubusercontent.com/hardcoded/CodinGame/master/Practice/Easy/The%20Descent/swift.swift
https://raw.githubusercontent.com/hlorenzi/customasm/main/Cargo.toml
https://raw.githubusercontent.com/charlesfranciscodev/codingame/master/puzzles/ts/ascii-art/ascii-art.ts
https://raw.githubusercontent.com/Camiko0/Suma_Assembler/master/Assembler_Suma.txt
https://raw.githubusercontent.com/Shashi18/UP-Counters/master/Main.v
https://raw.githubusercontent.com/edwinspire/libspire_serial/master/libspire_serial.vala
https://raw.githubusercontent.com/skilled19/sols/master/harv/codeabbey-1-sum-of-two.vb
https://raw.githubusercontent.com/nullx5/VHDL_SumCarryLookAhead_4bits/master/Sum_C4bits_TopModule.vhd
https://raw.githubusercontent.com/antoniocachuan/ejerciciosjava/master/AprendiendoJSF/web/suma.xhtml
https://raw.githubusercontent.com/Automedon/CodeWars-7-kyu-Soluitions/master/Sum%20of%20numbers%20from%200%20to%20N
https://raw.githubusercontent.com/Nikhil3404/sum-of-n-natural-numbers/master/activity
https://raw.githubusercontent.com/pastelito02/Challenges-sol/master/Programming/Codeabbey/001/rosettacode.applescript
https://raw.githubusercontent.com/pstauble/code-abbey-sum-a-b/master/code
https://raw.githubusercontent.com/shreya367/LeetCode/master/Add%20two%20numbers
https://raw.githubusercontent.com/dwachtel10/Edabit/master/Get%20Word%20Count
https://raw.githubusercontent.com/dwachtel10/Edabit/master/Eliminate%20Odd%20Numbers
https://raw.githubusercontent.com/dwachtel10/Edabit/master/Get%20Word%20Count
https://raw.githubusercontent.com/dwachtel10/Edabit/master/X's%20and%20O's
https://raw.githubusercontent.com/dwachtel10/Edabit/master/Sort%20Numbers%20in%20Ascending%20Order
https://raw.githubusercontent.com/dwachtel10/Edabit/master/Shuffle%20the%20Name
https://raw.githubusercontent.com/dwachtel10/Edabit/master/Reverse%20the%20Order%20of%20a%20String
https://raw.githubusercontent.com/dwachtel10/Edabit/master/Return%20the%20Sum%20of%20Two%20Numbers
https://raw.githubusercontent.com/dwachtel10/Edabit/master/Return%20the%20Last%20Item%20in%20an%20Array
https://raw.githubusercontent.com/dwachtel10/Edabit/master/Get%20Word%20Count
https://raw.githubusercontent.com/dwachtel10/Edabit/master/Is%20it%20Time%20for%20Milk%20and%20Cookies%3F